\BOOKMARK [0][-]{chapter*.1}{\376\377\000A\000b\000s\000t\000r\000a\000c\000t\000\040\000\050\000V\000i\000e\000t\000n\000a\000m\000e\000s\000e\000\051}{}% 1
\BOOKMARK [0][-]{chapter*.1}{\376\377\000C\000o\000n\000t\000e\000n\000t\000s}{}% 2
\BOOKMARK [0][-]{chapter*.1}{\376\377\000D\000a\000n\000h\000\040\000s\000\341\000c\000h\000\040\000h\000\354\000n\000h\000\040\000v\036\275}{}% 3
\BOOKMARK [0][-]{chapter*.1}{\376\377\000D\000a\000n\000h\000\040\000s\000\341\000c\000h\000\040\000b\000a\000n\000g}{}% 4
\BOOKMARK [0][-]{chapter*.2}{\376\377\000G\000l\000o\000s\000s\000a\000r\000y}{}% 5
\BOOKMARK [0][-]{chapter.1}{\376\377\000C\000h\000a\000p\000t\000e\000r\000\040\0001\000\040\000T\000i\000t\000l\000e}{}% 6
\BOOKMARK [1][-]{section.1.1}{\376\377\000P\000r\000o\000b\000l\000e\000m\000\040\000S\000t\000a\000t\000e\000m\000e\000n\000t}{chapter.1}% 7
\BOOKMARK [1][-]{section.1.2}{\376\377\000R\000e\000l\000a\000t\000e\000d\000\040\000W\000o\000r\000k}{chapter.1}% 8
\BOOKMARK [1][-]{section.1.3}{\376\377\000O\000b\000j\000e\000c\000t\000i\000v\000e\000s}{chapter.1}% 9
\BOOKMARK [0][-]{chapter.2}{\376\377\000C\000h\000a\000p\000t\000e\000r\000\040\0002\000\040\000T\000i\000t\000l\000e}{}% 10
\BOOKMARK [0][-]{chapter.3}{\376\377\000C\000h\000a\000p\000t\000e\000r\000\040\0003\000\040\000T\000i\000t\000l\000e}{}% 11
\BOOKMARK [1][-]{section.3.1}{\376\377\000M\000o\000d\000e\000l\000i\000n\000g}{chapter.3}% 12
\BOOKMARK [1][-]{section.3.2}{\376\377\000S\000o\000l\000u\000t\000i\000o\000n}{chapter.3}% 13
\BOOKMARK [2][-]{subsection.3.2.1}{\376\377\000S\000o\000l\000u\000t\000i\000o\000n\000\040\000I\000n\000t\000e\000g\000r\000a\000t\000i\000o\000n}{section.3.2}% 14
\BOOKMARK [2][-]{subsection.3.2.2}{\376\377\000W\000o\000r\000k\000f\000l\000o\000w\000\040\000C\000o\000n\000s\000t\000r\000u\000c\000t\000i\000o\000n}{section.3.2}% 15
\BOOKMARK [2][-]{subsection.3.2.3}{\376\377\000W\000o\000r\000k\000f\000l\000o\000w\000\040\000E\000v\000o\000l\000u\000t\000i\000o\000n}{section.3.2}% 16
\BOOKMARK [2][-]{subsection.3.2.4}{\376\377\000W\000o\000r\000k\000f\000l\000o\000w\000\040\000E\000x\000e\000c\000u\000t\000i\000o\000n}{section.3.2}% 17
\BOOKMARK [0][-]{chapter.4}{\376\377\000C\000h\000a\000p\000t\000e\000r\000\040\0004\000\040\000T\000i\000t\000l\000e}{}% 18
\BOOKMARK [1][-]{section.4.1}{\376\377\000R\000e\000s\000u\000l\000t\000s}{chapter.4}% 19
\BOOKMARK [0][-]{chapter*.3}{\376\377\000C\000o\000n\000c\000l\000u\000s\000i\000o\000n}{}% 20
